[debug] [2026-06-08T08:36:35.590Z] ----------------------------------------------------------------------
[debug] [2026-06-08T08:36:35.593Z] Command:       /home/mr-bhanu/.nvm/versions/node/v20.20.1/bin/node /usr/bin/firebase deploy --only functions
[debug] [2026-06-08T08:36:35.594Z] CLI Version:   15.19.1
[debug] [2026-06-08T08:36:35.594Z] Platform:      linux
[debug] [2026-06-08T08:36:35.594Z] Node Version:  v20.20.1
[debug] [2026-06-08T08:36:35.594Z] Time:          Mon Jun 08 2026 14:06:35 GMT+0530 (India Standard Time)
[debug] [2026-06-08T08:36:35.595Z] ----------------------------------------------------------------------
[debug] 
[debug] [2026-06-08T08:36:36.834Z] > command requires scopes: ["email","openid","https://www.googleapis.com/auth/cloudplatformprojects.readonly","https://www.googleapis.com/auth/firebase","https://www.googleapis.com/auth/cloud-platform"]
[debug] [2026-06-08T08:36:36.835Z] > authorizing via signed-in user (telugucinewritersassociation1@gmail.com)
[debug] [2026-06-08T08:36:36.835Z] [iam] checking project writers-registration for permissions ["cloudfunctions.functions.create","cloudfunctions.functions.delete","cloudfunctions.functions.get","cloudfunctions.functions.list","cloudfunctions.functions.update","cloudfunctions.operations.get","firebase.projects.get"]
[debug] [2026-06-08T08:36:36.836Z] Checked if tokens are valid: true, expires at: 1780908874709
[debug] [2026-06-08T08:36:36.836Z] Checked if tokens are valid: true, expires at: 1780908874709
[debug] [2026-06-08T08:36:36.838Z] >>> [apiv2][query] POST https://cloudresourcemanager.googleapis.com/v1/projects/writers-registration:testIamPermissions [none]
[debug] [2026-06-08T08:36:36.838Z] >>> [apiv2][(partial)header] POST https://cloudresourcemanager.googleapis.com/v1/projects/writers-registration:testIamPermissions  x-goog-user-project=writers-registration
[debug] [2026-06-08T08:36:36.838Z] >>> [apiv2][body] POST https://cloudresourcemanager.googleapis.com/v1/projects/writers-registration:testIamPermissions {"permissions":["cloudfunctions.functions.create","cloudfunctions.functions.delete","cloudfunctions.functions.get","cloudfunctions.functions.list","cloudfunctions.functions.update","cloudfunctions.operations.get","firebase.projects.get"]}
[debug] [2026-06-08T08:36:38.704Z] <<< [apiv2][status] POST https://cloudresourcemanager.googleapis.com/v1/projects/writers-registration:testIamPermissions 200
[debug] [2026-06-08T08:36:38.705Z] <<< [apiv2][body] POST https://cloudresourcemanager.googleapis.com/v1/projects/writers-registration:testIamPermissions {"permissions":["cloudfunctions.functions.create","cloudfunctions.functions.delete","cloudfunctions.functions.get","cloudfunctions.functions.list","cloudfunctions.functions.update","cloudfunctions.operations.get","firebase.projects.get"]}
[debug] [2026-06-08T08:36:38.706Z] Checked if tokens are valid: true, expires at: 1780908874709
[debug] [2026-06-08T08:36:38.707Z] Checked if tokens are valid: true, expires at: 1780908874709
[debug] [2026-06-08T08:36:38.707Z] >>> [apiv2][query] POST https://iam.googleapis.com/v1/projects/writers-registration/serviceAccounts/writers-registration@appspot.gserviceaccount.com:testIamPermissions [none]
[debug] [2026-06-08T08:36:38.708Z] >>> [apiv2][body] POST https://iam.googleapis.com/v1/projects/writers-registration/serviceAccounts/writers-registration@appspot.gserviceaccount.com:testIamPermissions {"permissions":["iam.serviceAccounts.actAs"]}
[debug] [2026-06-08T08:36:41.033Z] <<< [apiv2][status] POST https://iam.googleapis.com/v1/projects/writers-registration/serviceAccounts/writers-registration@appspot.gserviceaccount.com:testIamPermissions 200
[debug] [2026-06-08T08:36:41.033Z] <<< [apiv2][body] POST https://iam.googleapis.com/v1/projects/writers-registration/serviceAccounts/writers-registration@appspot.gserviceaccount.com:testIamPermissions {"permissions":["iam.serviceAccounts.actAs"]}
[info] 
[info] === Deploying to 'writers-registration'...
[info] 
[info] i  deploying functions 
[debug] [2026-06-08T08:36:41.048Z] Checked if tokens are valid: true, expires at: 1780908874709
[debug] [2026-06-08T08:36:41.049Z] Checked if tokens are valid: true, expires at: 1780908874709
[debug] [2026-06-08T08:36:41.049Z] >>> [apiv2][query] GET https://cloudresourcemanager.googleapis.com/v1/projects/writers-registration [none]
[debug] [2026-06-08T08:36:41.358Z] <<< [apiv2][status] GET https://cloudresourcemanager.googleapis.com/v1/projects/writers-registration 200
[debug] [2026-06-08T08:36:41.359Z] <<< [apiv2][body] GET https://cloudresourcemanager.googleapis.com/v1/projects/writers-registration {"projectNumber":"241257961361","projectId":"writers-registration","lifecycleState":"ACTIVE","name":"Writers Registration","labels":{"firebase":"enabled","firebase-core":"disabled"},"createTime":"2026-05-21T15:50:49.586Z"}
[info] i  functions: preparing codebase default for deployment 
[info] i  functions: ensuring required API cloudfunctions.googleapis.com is enabled... 
[info] i  functions: ensuring required API cloudbuild.googleapis.com is enabled... 
[info] i  artifactregistry: ensuring required API artifactregistry.googleapis.com is enabled... 
[debug] [2026-06-08T08:36:41.364Z] Checked if tokens are valid: true, expires at: 1780908874709
[debug] [2026-06-08T08:36:41.366Z] Checked if tokens are valid: true, expires at: 1780908874709
[debug] [2026-06-08T08:36:41.366Z] >>> [apiv2][query] GET https://firebase.googleapis.com/v1beta1/projects/writers-registration/adminSdkConfig [none]
[debug] [2026-06-08T08:36:47.466Z] <<< [apiv2][status] GET https://firebase.googleapis.com/v1beta1/projects/writers-registration/adminSdkConfig 200
[debug] [2026-06-08T08:36:47.466Z] <<< [apiv2][body] GET https://firebase.googleapis.com/v1beta1/projects/writers-registration/adminSdkConfig {"projectId":"writers-registration","storageBucket":"writers-registration.firebasestorage.app"}
[debug] [2026-06-08T08:36:47.468Z] Checked if tokens are valid: true, expires at: 1780908874709
[debug] [2026-06-08T08:36:47.468Z] Checked if tokens are valid: true, expires at: 1780908874709
[debug] [2026-06-08T08:36:47.469Z] >>> [apiv2][query] GET https://runtimeconfig.googleapis.com/v1beta1/projects/writers-registration/configs [none]
[debug] [2026-06-08T08:36:53.591Z] <<< [apiv2][status] GET https://runtimeconfig.googleapis.com/v1beta1/projects/writers-registration/configs 200
[debug] [2026-06-08T08:36:53.591Z] <<< [apiv2][body] GET https://runtimeconfig.googleapis.com/v1beta1/projects/writers-registration/configs {}
[debug] [2026-06-08T08:36:53.596Z] Validating nodejs source
[warn] ⚠  functions: Runtime Node.js 20 was deprecated on 2026-04-30 and will be decommissioned on 2026-10-30, after which you will not be able to deploy without upgrading. Consider upgrading now to avoid disruption. See https://cloud.google.com/functions/docs/runtime-support for full details on the lifecycle policy 
[warn] ⚠  functions: package.json indicates an outdated version of firebase-functions. Please upgrade using npm install --save firebase-functions@latest in your functions directory. 
[warn] ⚠  functions: Please note that there will be breaking changes when you upgrade. 
[debug] [2026-06-08T08:36:54.925Z] > [functions] package.json contents: {
  "name": "functions",
  "description": "Cloud Functions for Firebase",
  "scripts": {
    "serve": "firebase emulators:start --only functions",
    "shell": "firebase functions:shell",
    "start": "npm run shell",
    "deploy": "firebase deploy --only functions",
    "logs": "firebase functions:log"
  },
  "engines": {
    "node": "20"
  },
  "main": "index.js",
  "dependencies": {
    "axios": "^1.6.0",
    "firebase-admin": "^12.0.0",
    "firebase-functions": "^5.0.0",
    "nodemailer": "^8.0.10",
    "resend": "^3.2.0"
  },
  "devDependencies": {
    "firebase-functions-test": "^3.1.0"
  },
  "private": true
}
[debug] [2026-06-08T08:36:54.925Z] Building nodejs source
[info] i  functions: Loading and analyzing source code for codebase default to determine what to deploy 
[debug] [2026-06-08T08:36:54.928Z] Could not find functions.yaml. Must use http discovery
[debug] [2026-06-08T08:36:54.934Z] Found firebase-functions binary at '/home/mr-bhanu/Mr_Bhanu/Projects/Freelancing Projects/MovieScriptProject/writers-registration/functions/node_modules/.bin/firebase-functions'
[info] Serving at port 8417

[debug] [2026-06-08T08:36:55.410Z] Got response from /__/functions.yaml {"endpoints":{"dailyRenewalCheck":{"availableMemoryMb":null,"timeoutSeconds":null,"minInstances":null,"maxInstances":null,"ingressSettings":null,"concurrency":null,"serviceAccountEmail":null,"vpc":null,"platform":"gcfv2","labels":{},"scheduleTrigger":{"schedule":"every day 09:00","retryConfig":{"retryCount":null,"maxDoublings":null,"maxRetrySeconds":null,"minBackoffSeconds":null,"maxBackoffSeconds":null},"timeZone":null},"entryPoint":"dailyRenewalCheck"},"getCommunicationBalances":{"availableMemoryMb":null,"timeoutSeconds":null,"minInstances":null,"maxInstances":null,"ingressSettings":null,"concurrency":null,"serviceAccountEmail":null,"vpc":null,"platform":"gcfv2","labels":{},"callableTrigger":{},"entryPoint":"getCommunicationBalances"},"sendCustomMessage":{"availableMemoryMb":null,"timeoutSeconds":null,"minInstances":null,"maxInstances":null,"ingressSettings":null,"concurrency":null,"serviceAccountEmail":null,"vpc":null,"platform":"gcfv2","labels":{},"callableTrigger":{},"entryPoint":"sendCustomMessage"}},"specVersion":"v1alpha1","requiredAPIs":[{"api":"cloudscheduler.googleapis.com","reason":"Needed for scheduled functions."}],"extensions":{}}
[debug] [2026-06-08T08:36:59.464Z] Checked if tokens are valid: true, expires at: 1780908874709
[debug] [2026-06-08T08:36:59.465Z] Checked if tokens are valid: true, expires at: 1780908874709
[debug] [2026-06-08T08:36:59.465Z] >>> [apiv2][query] GET https://cloudfunctions.googleapis.com/v1/projects/writers-registration/locations/-/functions [none]
[debug] [2026-06-08T08:37:00.454Z] <<< [apiv2][status] GET https://cloudfunctions.googleapis.com/v1/projects/writers-registration/locations/-/functions 200
[debug] [2026-06-08T08:37:00.455Z] <<< [apiv2][body] GET https://cloudfunctions.googleapis.com/v1/projects/writers-registration/locations/-/functions {}
[debug] [2026-06-08T08:37:00.457Z] Checked if tokens are valid: true, expires at: 1780908874709
[debug] [2026-06-08T08:37:00.458Z] Checked if tokens are valid: true, expires at: 1780908874709
[debug] [2026-06-08T08:37:00.461Z] >>> [apiv2][query] GET https://cloudfunctions.googleapis.com/v2/projects/writers-registration/locations/-/functions filter=environment%3D%22GEN_2%22
[debug] [2026-06-08T08:37:02.334Z] <<< [apiv2][status] GET https://cloudfunctions.googleapis.com/v2/projects/writers-registration/locations/-/functions 200
[debug] [2026-06-08T08:37:02.335Z] <<< [apiv2][body] GET https://cloudfunctions.googleapis.com/v2/projects/writers-registration/locations/-/functions {"functions":[{"name":"projects/writers-registration/locations/us-central1/functions/sendCustomMessage","buildConfig":{"build":"projects/241257961361/locations/us-central1/builds/b94de019-810d-451b-9a9a-4bd342f1b4a4","runtime":"nodejs20","entryPoint":"sendCustomMessage","source":{"storageSource":{"bucket":"gcf-v2-sources-241257961361-us-central1","object":"sendCustomMessage/function-source.zip","generation":"1780907815339275"}},"environmentVariables":{"GOOGLE_NODE_RUN_SCRIPTS":""},"dockerRepository":"projects/writers-registration/locations/us-central1/repositories/gcf-artifacts","serviceAccount":"projects/writers-registration/serviceAccounts/241257961361-compute@developer.gserviceaccount.com","automaticUpdatePolicy":{}},"serviceConfig":{"service":"projects/writers-registration/locations/us-central1/services/sendcustommessage","timeoutSeconds":60,"environmentVariables":{"FAST2SMS_API_KEY":"A4foQwlupr92I1Tvd8skHB6hOGK7JYPaVX5qxbSgjzLEFNZeUmKjRbxCmkSd6qLD3OAGUhgsEPiuINHf","RESEND_API_KEY":"re_WyEbGqBu_KgYY6ALtRp2HCkuAV2LbnTAi","GMAIL_APP_PASSWORD":"edhyaqbvgjxjubzb","FIREBASE_CONFIG":"{\"projectId\":\"writers-registration\",\"storageBucket\":\"writers-registration.firebasestorage.app\"}","GCLOUD_PROJECT":"writers-registration","EVENTARC_CLOUD_EVENT_SOURCE":"projects/writers-registration/locations/us-central1/services/sendCustomMessage","FUNCTION_TARGET":"sendCustomMessage","LOG_EXECUTION_ID":"true","FUNCTION_SIGNATURE_TYPE":"http"},"maxInstanceCount":3,"ingressSettings":"ALLOW_ALL","uri":"https://sendcustommessage-coe73cyjoa-uc.a.run.app","serviceAccountEmail":"241257961361-compute@developer.gserviceaccount.com","availableMemory":"256Mi","allTrafficOnLatestRevision":true,"revision":"sendcustommessage-00005-has","maxInstanceRequestConcurrency":80,"availableCpu":"1"},"state":"DEPLOYING","updateTime":"2026-06-08T08:36:55.393782440Z","labels":{"firebase-functions-hash":"903160791e5387a41499f57620899e39bc26cd07","deployment-tool":"cli-firebase","deployment-callable":"true"},"environment":"GEN_2","url":"https://us-central1-writers-registration.cloudfunctions.net/sendCustomMessage","createTime":"2026-06-08T06:19:38.772569446Z","satisfiesPzi":true},{"name":"projects/writers-registration/locations/us-central1/functions/getCommunicationBalances","buildConfig":{"build":"projects/241257961361/locations/us-central1/builds/b94de019-810d-451b-9a9a-4bd342f1b4a4","runtime":"nodejs20","entryPoint":"getCommunicationBalances","source":{"storageSource":{"bucket":"gcf-v2-sources-241257961361-us-central1","object":"getCommunicationBalances/function-source.zip","generation":"1780907815146114"}},"environmentVariables":{"GOOGLE_NODE_RUN_SCRIPTS":""},"dockerRepository":"projects/writers-registration/locations/us-central1/repositories/gcf-artifacts","serviceAccount":"projects/writers-registration/serviceAccounts/241257961361-compute@developer.gserviceaccount.com","automaticUpdatePolicy":{}},"serviceConfig":{"service":"projects/writers-registration/locations/us-central1/services/getcommunicationbalances","timeoutSeconds":60,"environmentVariables":{"FAST2SMS_API_KEY":"A4foQwlupr92I1Tvd8skHB6hOGK7JYPaVX5qxbSgjzLEFNZeUmKjRbxCmkSd6qLD3OAGUhgsEPiuINHf","RESEND_API_KEY":"re_WyEbGqBu_KgYY6ALtRp2HCkuAV2LbnTAi","GMAIL_APP_PASSWORD":"edhyaqbvgjxjubzb","FIREBASE_CONFIG":"{\"projectId\":\"writers-registration\",\"storageBucket\":\"writers-registration.firebasestorage.app\"}","GCLOUD_PROJECT":"writers-registration","EVENTARC_CLOUD_EVENT_SOURCE":"projects/writers-registration/locations/us-central1/services/getCommunicationBalances","FUNCTION_TARGET":"getCommunicationBalances","LOG_EXECUTION_ID":"true","FUNCTION_SIGNATURE_TYPE":"http"},"maxInstanceCount":3,"ingressSettings":"ALLOW_ALL","uri":"https://getcommunicationbalances-coe73cyjoa-uc.a.run.app","serviceAccountEmail":"241257961361-compute@developer.gserviceaccount.com","availableMemory":"256Mi","allTrafficOnLatestRevision":true,"revision":"getcommunicationbalances-00005-zug","maxInstanceRequestConcurrency":80,"availableCpu":"1"},"state":"DEPLOYING","updateTime":"2026-06-08T08:36:55.208655891Z","labels":{"deployment-tool":"cli-firebase","deployment-callable":"true","firebase-functions-hash":"903160791e5387a41499f57620899e39bc26cd07"},"environment":"GEN_2","url":"https://us-central1-writers-registration.cloudfunctions.net/getCommunicationBalances","createTime":"2026-06-08T06:18:49.172629292Z","satisfiesPzi":true},{"name":"projects/writers-registration/locations/us-central1/functions/dailyRenewalCheck","buildConfig":{"build":"projects/241257961361/locations/us-central1/builds/b94de019-810d-451b-9a9a-4bd342f1b4a4","runtime":"nodejs20","entryPoint":"dailyRenewalCheck","source":{"storageSource":{"bucket":"gcf-v2-sources-241257961361-us-central1","object":"dailyRenewalCheck/function-source.zip","generation":"1780907764368424"}},"environmentVariables":{"GOOGLE_NODE_RUN_SCRIPTS":""},"dockerRepository":"projects/writers-registration/locations/us-central1/repositories/gcf-artifacts","sourceProvenance":{"resolvedStorageSource":{"bucket":"gcf-v2-sources-241257961361-us-central1","object":"dailyRenewalCheck/function-source.zip","generation":"1780907764368424"}},"dockerRegistry":"ARTIFACT_REGISTRY","serviceAccount":"projects/writers-registration/serviceAccounts/241257961361-compute@developer.gserviceaccount.com","automaticUpdatePolicy":{}},"serviceConfig":{"service":"projects/writers-registration/locations/us-central1/services/dailyrenewalcheck","timeoutSeconds":60,"environmentVariables":{"FAST2SMS_API_KEY":"A4foQwlupr92I1Tvd8skHB6hOGK7JYPaVX5qxbSgjzLEFNZeUmKjRbxCmkSd6qLD3OAGUhgsEPiuINHf","RESEND_API_KEY":"re_WyEbGqBu_KgYY6ALtRp2HCkuAV2LbnTAi","GMAIL_APP_PASSWORD":"edhyaqbvgjxjubzb","FIREBASE_CONFIG":"{\"projectId\":\"writers-registration\",\"storageBucket\":\"writers-registration.firebasestorage.app\"}","GCLOUD_PROJECT":"writers-registration","EVENTARC_CLOUD_EVENT_SOURCE":"projects/writers-registration/locations/us-central1/services/dailyRenewalCheck","FUNCTION_TARGET":"dailyRenewalCheck","LOG_EXECUTION_ID":"true"},"maxInstanceCount":3,"ingressSettings":"ALLOW_ALL","uri":"https://dailyrenewalcheck-coe73cyjoa-uc.a.run.app","serviceAccountEmail":"241257961361-compute@developer.gserviceaccount.com","availableMemory":"256Mi","allTrafficOnLatestRevision":true,"revision":"dailyrenewalcheck-00006-nan","maxInstanceRequestConcurrency":80,"availableCpu":"1"},"state":"ACTIVE","updateTime":"2026-06-08T08:36:57.118146277Z","labels":{"deployment-scheduled":"true","firebase-functions-hash":"903160791e5387a41499f57620899e39bc26cd07","deployment-tool":"cli-firebase"},"environment":"GEN_2","url":"https://us-central1-writers-registration.cloudfunctions.net/dailyRenewalCheck","createTime":"2026-06-08T05:53:35.246480817Z","satisfiesPzi":true}]}
[info] i  extensions: ensuring required API firebaseextensions.googleapis.com is enabled... 
[debug] [2026-06-08T08:37:02.347Z] > command requires scopes: ["email","openid","https://www.googleapis.com/auth/cloudplatformprojects.readonly","https://www.googleapis.com/auth/firebase","https://www.googleapis.com/auth/cloud-platform"]
[debug] [2026-06-08T08:37:02.348Z] > authorizing via signed-in user (telugucinewritersassociation1@gmail.com)
[debug] [2026-06-08T08:37:02.349Z] [iam] checking project writers-registration for permissions ["firebase.projects.get","firebaseextensions.instances.list"]
[debug] [2026-06-08T08:37:02.351Z] Checked if tokens are valid: true, expires at: 1780908874709
[debug] [2026-06-08T08:37:02.352Z] Checked if tokens are valid: true, expires at: 1780908874709
[debug] [2026-06-08T08:37:02.353Z] >>> [apiv2][query] POST https://cloudresourcemanager.googleapis.com/v1/projects/writers-registration:testIamPermissions [none]
[debug] [2026-06-08T08:37:02.354Z] >>> [apiv2][(partial)header] POST https://cloudresourcemanager.googleapis.com/v1/projects/writers-registration:testIamPermissions  x-goog-user-project=writers-registration
[debug] [2026-06-08T08:37:02.354Z] >>> [apiv2][body] POST https://cloudresourcemanager.googleapis.com/v1/projects/writers-registration:testIamPermissions {"permissions":["firebase.projects.get","firebaseextensions.instances.list"]}
[debug] [2026-06-08T08:37:04.216Z] <<< [apiv2][status] POST https://cloudresourcemanager.googleapis.com/v1/projects/writers-registration:testIamPermissions 200
[debug] [2026-06-08T08:37:04.216Z] <<< [apiv2][body] POST https://cloudresourcemanager.googleapis.com/v1/projects/writers-registration:testIamPermissions {"permissions":["firebase.projects.get","firebaseextensions.instances.list"]}
[debug] [2026-06-08T08:37:04.217Z] Checked if tokens are valid: true, expires at: 1780908874709
[debug] [2026-06-08T08:37:04.217Z] Checked if tokens are valid: true, expires at: 1780908874709
[debug] [2026-06-08T08:37:04.218Z] >>> [apiv2][query] GET https://firebaseextensions.googleapis.com/v1beta/projects/writers-registration/instances pageSize=100&pageToken=
[debug] [2026-06-08T08:37:16.357Z] <<< [apiv2][status] GET https://firebaseextensions.googleapis.com/v1beta/projects/writers-registration/instances 200
[debug] [2026-06-08T08:37:16.358Z] <<< [apiv2][body] GET https://firebaseextensions.googleapis.com/v1beta/projects/writers-registration/instances {}
[info] i  functions: Loaded environment variables from .env. 
[info] i  functions: preparing functions directory for uploading... 
[info] i  functions: packaged /home/mr-bhanu/Mr_Bhanu/Projects/Freelancing Projects/MovieScriptProject/writers-registration/functions (77.16 KB) for uploading 
[info] i  functions: ensuring required API cloudscheduler.googleapis.com is enabled... 
[info] i  functions: ensuring required API run.googleapis.com is enabled... 
[info] i  functions: ensuring required API eventarc.googleapis.com is enabled... 
[info] i  functions: ensuring required API pubsub.googleapis.com is enabled... 
[info] i  functions: ensuring required API storage.googleapis.com is enabled... 
[info] i  functions: generating the service identity for pubsub.googleapis.com... 
[debug] [2026-06-08T08:37:16.502Z] Checked if tokens are valid: true, expires at: 1780908874709
[debug] [2026-06-08T08:37:16.502Z] Checked if tokens are valid: true, expires at: 1780908874709
[info] i  functions: generating the service identity for eventarc.googleapis.com... 
[debug] [2026-06-08T08:37:16.502Z] Checked if tokens are valid: true, expires at: 1780908874709
[debug] [2026-06-08T08:37:16.503Z] Checked if tokens are valid: true, expires at: 1780908874709
[debug] [2026-06-08T08:37:16.503Z] >>> [apiv2][query] POST https://serviceusage.googleapis.com/v1beta1/projects/241257961361/services/pubsub.googleapis.com:generateServiceIdentity [none]
[debug] [2026-06-08T08:37:16.503Z] >>> [apiv2][(partial)header] POST https://serviceusage.googleapis.com/v1beta1/projects/241257961361/services/pubsub.googleapis.com:generateServiceIdentity  x-goog-user-project=241257961361
[debug] [2026-06-08T08:37:16.503Z] >>> [apiv2][body] POST https://serviceusage.googleapis.com/v1beta1/projects/241257961361/services/pubsub.googleapis.com:generateServiceIdentity {}
[debug] [2026-06-08T08:37:16.505Z] >>> [apiv2][query] POST https://serviceusage.googleapis.com/v1beta1/projects/241257961361/services/eventarc.googleapis.com:generateServiceIdentity [none]
[debug] [2026-06-08T08:37:16.505Z] >>> [apiv2][(partial)header] POST https://serviceusage.googleapis.com/v1beta1/projects/241257961361/services/eventarc.googleapis.com:generateServiceIdentity  x-goog-user-project=241257961361
[debug] [2026-06-08T08:37:16.506Z] >>> [apiv2][body] POST https://serviceusage.googleapis.com/v1beta1/projects/241257961361/services/eventarc.googleapis.com:generateServiceIdentity {}
[debug] [2026-06-08T08:37:23.664Z] <<< [apiv2][status] POST https://serviceusage.googleapis.com/v1beta1/projects/241257961361/services/pubsub.googleapis.com:generateServiceIdentity 200
[debug] [2026-06-08T08:37:23.665Z] <<< [apiv2][body] POST https://serviceusage.googleapis.com/v1beta1/projects/241257961361/services/pubsub.googleapis.com:generateServiceIdentity {"name":"operations/finished.DONE_OPERATION","done":true,"response":{"@type":"type.googleapis.com/google.api.serviceusage.v1beta1.ServiceIdentity","email":"service-241257961361@gcp-sa-pubsub.iam.gserviceaccount.com","uniqueId":"103395258325233228519"}}
[debug] [2026-06-08T08:37:23.666Z] <<< [apiv2][status] POST https://serviceusage.googleapis.com/v1beta1/projects/241257961361/services/eventarc.googleapis.com:generateServiceIdentity 200
[debug] [2026-06-08T08:37:23.666Z] <<< [apiv2][body] POST https://serviceusage.googleapis.com/v1beta1/projects/241257961361/services/eventarc.googleapis.com:generateServiceIdentity {"name":"operations/finished.DONE_OPERATION","done":true,"response":{"@type":"type.googleapis.com/google.api.serviceusage.v1beta1.ServiceIdentity","email":"service-241257961361@gcp-sa-eventarc.iam.gserviceaccount.com","uniqueId":"107877701991247269977"}}
[debug] [2026-06-08T08:37:23.674Z] Checked if tokens are valid: true, expires at: 1780908874709
[debug] [2026-06-08T08:37:23.675Z] Checked if tokens are valid: true, expires at: 1780908874709
[debug] [2026-06-08T08:37:23.675Z] >>> [apiv2][query] GET https://cloudresourcemanager.googleapis.com/v1/projects/writers-registration [none]
[debug] [2026-06-08T08:37:25.272Z] <<< [apiv2][status] GET https://cloudresourcemanager.googleapis.com/v1/projects/writers-registration 200
[debug] [2026-06-08T08:37:25.272Z] <<< [apiv2][body] GET https://cloudresourcemanager.googleapis.com/v1/projects/writers-registration {"projectNumber":"241257961361","projectId":"writers-registration","lifecycleState":"ACTIVE","name":"Writers Registration","labels":{"firebase":"enabled","firebase-core":"disabled"},"createTime":"2026-05-21T15:50:49.586Z"}
[debug] [2026-06-08T08:37:25.273Z] Checked if tokens are valid: true, expires at: 1780908874709
[debug] [2026-06-08T08:37:25.274Z] Checked if tokens are valid: true, expires at: 1780908874709
[debug] [2026-06-08T08:37:25.274Z] >>> [apiv2][query] GET https://compute.googleapis.com/compute/v1/projects/241257961361 [none]
[debug] [2026-06-08T08:37:25.843Z] <<< [apiv2][status] GET https://compute.googleapis.com/compute/v1/projects/241257961361 403
[debug] [2026-06-08T08:37:25.843Z] <<< [apiv2][body] GET https://compute.googleapis.com/compute/v1/projects/241257961361 {"error":{"code":403,"message":"Compute Engine API has not been used in project 241257961361 before or it is disabled. Enable it by visiting https://console.developers.google.com/apis/api/compute.googleapis.com/overview?project=241257961361 then retry. If you enabled this API recently, wait a few minutes for the action to propagate to our systems and retry.","errors":[{"message":"Compute Engine API has not been used in project 241257961361 before or it is disabled. Enable it by visiting https://console.developers.google.com/apis/api/compute.googleapis.com/overview?project=241257961361 then retry. If you enabled this API recently, wait a few minutes for the action to propagate to our systems and retry.","domain":"usageLimits","reason":"accessNotConfigured","extendedHelp":"https://console.developers.google.com"}],"status":"PERMISSION_DENIED","details":[{"@type":"type.googleapis.com/google.rpc.ErrorInfo","reason":"SERVICE_DISABLED","domain":"googleapis.com","metadata":{"consumer":"projects/241257961361","serviceTitle":"Compute Engine API","containerInfo":"241257961361","activationUrl":"https://console.developers.google.com/apis/api/compute.googleapis.com/overview?project=241257961361","service":"compute.googleapis.com"}},{"@type":"type.googleapis.com/google.rpc.LocalizedMessage","locale":"en-US","message":"Compute Engine API has not been used in project 241257961361 before or it is disabled. Enable it by visiting https://console.developers.google.com/apis/api/compute.googleapis.com/overview?project=241257961361 then retry. If you enabled this API recently, wait a few minutes for the action to propagate to our systems and retry."},{"@type":"type.googleapis.com/google.rpc.Help","links":[{"description":"Google developers console API activation","url":"https://console.developers.google.com/apis/api/compute.googleapis.com/overview?project=241257961361"}]}]}}
[debug] [2026-06-08T08:37:25.844Z] unable to look up default compute service account. Falling back to 241257961361-compute@developer.gserviceaccount.com. Error: {"name":"FirebaseError","children":[],"context":{"body":{"error":{"code":403,"message":"Compute Engine API has not been used in project 241257961361 before or it is disabled. Enable it by visiting https://console.developers.google.com/apis/api/compute.googleapis.com/overview?project=241257961361 then retry. If you enabled this API recently, wait a few minutes for the action to propagate to our systems and retry.","errors":[{"message":"Compute Engine API has not been used in project 241257961361 before or it is disabled. Enable it by visiting https://console.developers.google.com/apis/api/compute.googleapis.com/overview?project=241257961361 then retry. If you enabled this API recently, wait a few minutes for the action to propagate to our systems and retry.","domain":"usageLimits","reason":"accessNotConfigured","extendedHelp":"https://console.developers.google.com"}],"status":"PERMISSION_DENIED","details":[{"@type":"type.googleapis.com/google.rpc.ErrorInfo","reason":"SERVICE_DISABLED","domain":"googleapis.com","metadata":{"consumer":"projects/241257961361","serviceTitle":"Compute Engine API","containerInfo":"241257961361","activationUrl":"https://console.developers.google.com/apis/api/compute.googleapis.com/overview?project=241257961361","service":"compute.googleapis.com"}},{"@type":"type.googleapis.com/google.rpc.LocalizedMessage","locale":"en-US","message":"Compute Engine API has not been used in project 241257961361 before or it is disabled. Enable it by visiting https://console.developers.google.com/apis/api/compute.googleapis.com/overview?project=241257961361 then retry. If you enabled this API recently, wait a few minutes for the action to propagate to our systems and retry."},{"@type":"type.googleapis.com/google.rpc.Help","links":[{"description":"Google developers console API activation","url":"https://console.developers.google.com/apis/api/compute.googleapis.com/overview?project=241257961361"}]}]}},"response":{"statusCode":403}},"exit":1,"message":"Request to https://compute.googleapis.com/compute/v1/projects/241257961361 had HTTP Error: 403, Compute Engine API has not been used in project 241257961361 before or it is disabled. Enable it by visiting https://console.developers.google.com/apis/api/compute.googleapis.com/overview?project=241257961361 then retry. If you enabled this API recently, wait a few minutes for the action to propagate to our systems and retry.","status":403}
[debug] [2026-06-08T08:37:25.844Z] Checked if tokens are valid: true, expires at: 1780908874709
[debug] [2026-06-08T08:37:25.844Z] Checked if tokens are valid: true, expires at: 1780908874709
[debug] [2026-06-08T08:37:25.844Z] >>> [apiv2][query] GET https://compute.googleapis.com/compute/v1/projects/241257961361 [none]
[debug] [2026-06-08T08:37:26.271Z] <<< [apiv2][status] GET https://compute.googleapis.com/compute/v1/projects/241257961361 403
[debug] [2026-06-08T08:37:26.272Z] <<< [apiv2][body] GET https://compute.googleapis.com/compute/v1/projects/241257961361 {"error":{"code":403,"message":"Compute Engine API has not been used in project 241257961361 before or it is disabled. Enable it by visiting https://console.developers.google.com/apis/api/compute.googleapis.com/overview?project=241257961361 then retry. If you enabled this API recently, wait a few minutes for the action to propagate to our systems and retry.","errors":[{"message":"Compute Engine API has not been used in project 241257961361 before or it is disabled. Enable it by visiting https://console.developers.google.com/apis/api/compute.googleapis.com/overview?project=241257961361 then retry. If you enabled this API recently, wait a few minutes for the action to propagate to our systems and retry.","domain":"usageLimits","reason":"accessNotConfigured","extendedHelp":"https://console.developers.google.com"}],"status":"PERMISSION_DENIED","details":[{"@type":"type.googleapis.com/google.rpc.ErrorInfo","reason":"SERVICE_DISABLED","domain":"googleapis.com","metadata":{"serviceTitle":"Compute Engine API","containerInfo":"241257961361","service":"compute.googleapis.com","activationUrl":"https://console.developers.google.com/apis/api/compute.googleapis.com/overview?project=241257961361","consumer":"projects/241257961361"}},{"@type":"type.googleapis.com/google.rpc.LocalizedMessage","locale":"en-US","message":"Compute Engine API has not been used in project 241257961361 before or it is disabled. Enable it by visiting https://console.developers.google.com/apis/api/compute.googleapis.com/overview?project=241257961361 then retry. If you enabled this API recently, wait a few minutes for the action to propagate to our systems and retry."},{"@type":"type.googleapis.com/google.rpc.Help","links":[{"description":"Google developers console API activation","url":"https://console.developers.google.com/apis/api/compute.googleapis.com/overview?project=241257961361"}]}]}}
[debug] [2026-06-08T08:37:26.272Z] unable to look up default compute service account. Falling back to 241257961361-compute@developer.gserviceaccount.com. Error: {"name":"FirebaseError","children":[],"context":{"body":{"error":{"code":403,"message":"Compute Engine API has not been used in project 241257961361 before or it is disabled. Enable it by visiting https://console.developers.google.com/apis/api/compute.googleapis.com/overview?project=241257961361 then retry. If you enabled this API recently, wait a few minutes for the action to propagate to our systems and retry.","errors":[{"message":"Compute Engine API has not been used in project 241257961361 before or it is disabled. Enable it by visiting https://console.developers.google.com/apis/api/compute.googleapis.com/overview?project=241257961361 then retry. If you enabled this API recently, wait a few minutes for the action to propagate to our systems and retry.","domain":"usageLimits","reason":"accessNotConfigured","extendedHelp":"https://console.developers.google.com"}],"status":"PERMISSION_DENIED","details":[{"@type":"type.googleapis.com/google.rpc.ErrorInfo","reason":"SERVICE_DISABLED","domain":"googleapis.com","metadata":{"serviceTitle":"Compute Engine API","containerInfo":"241257961361","service":"compute.googleapis.com","activationUrl":"https://console.developers.google.com/apis/api/compute.googleapis.com/overview?project=241257961361","consumer":"projects/241257961361"}},{"@type":"type.googleapis.com/google.rpc.LocalizedMessage","locale":"en-US","message":"Compute Engine API has not been used in project 241257961361 before or it is disabled. Enable it by visiting https://console.developers.google.com/apis/api/compute.googleapis.com/overview?project=241257961361 then retry. If you enabled this API recently, wait a few minutes for the action to propagate to our systems and retry."},{"@type":"type.googleapis.com/google.rpc.Help","links":[{"description":"Google developers console API activation","url":"https://console.developers.google.com/apis/api/compute.googleapis.com/overview?project=241257961361"}]}]}},"response":{"statusCode":403}},"exit":1,"message":"Request to https://compute.googleapis.com/compute/v1/projects/241257961361 had HTTP Error: 403, Compute Engine API has not been used in project 241257961361 before or it is disabled. Enable it by visiting https://console.developers.google.com/apis/api/compute.googleapis.com/overview?project=241257961361 then retry. If you enabled this API recently, wait a few minutes for the action to propagate to our systems and retry.","status":403}
[debug] [2026-06-08T08:37:26.273Z] Checked if tokens are valid: true, expires at: 1780908874709
[debug] [2026-06-08T08:37:26.273Z] Checked if tokens are valid: true, expires at: 1780908874709
[debug] [2026-06-08T08:37:26.273Z] >>> [apiv2][query] GET https://compute.googleapis.com/compute/v1/projects/241257961361 [none]
[debug] [2026-06-08T08:37:26.685Z] <<< [apiv2][status] GET https://compute.googleapis.com/compute/v1/projects/241257961361 403
[debug] [2026-06-08T08:37:26.686Z] <<< [apiv2][body] GET https://compute.googleapis.com/compute/v1/projects/241257961361 {"error":{"code":403,"message":"Compute Engine API has not been used in project 241257961361 before or it is disabled. Enable it by visiting https://console.developers.google.com/apis/api/compute.googleapis.com/overview?project=241257961361 then retry. If you enabled this API recently, wait a few minutes for the action to propagate to our systems and retry.","errors":[{"message":"Compute Engine API has not been used in project 241257961361 before or it is disabled. Enable it by visiting https://console.developers.google.com/apis/api/compute.googleapis.com/overview?project=241257961361 then retry. If you enabled this API recently, wait a few minutes for the action to propagate to our systems and retry.","domain":"usageLimits","reason":"accessNotConfigured","extendedHelp":"https://console.developers.google.com"}],"status":"PERMISSION_DENIED","details":[{"@type":"type.googleapis.com/google.rpc.ErrorInfo","reason":"SERVICE_DISABLED","domain":"googleapis.com","metadata":{"service":"compute.googleapis.com","consumer":"projects/241257961361","serviceTitle":"Compute Engine API","activationUrl":"https://console.developers.google.com/apis/api/compute.googleapis.com/overview?project=241257961361","containerInfo":"241257961361"}},{"@type":"type.googleapis.com/google.rpc.LocalizedMessage","locale":"en-US","message":"Compute Engine API has not been used in project 241257961361 before or it is disabled. Enable it by visiting https://console.developers.google.com/apis/api/compute.googleapis.com/overview?project=241257961361 then retry. If you enabled this API recently, wait a few minutes for the action to propagate to our systems and retry."},{"@type":"type.googleapis.com/google.rpc.Help","links":[{"description":"Google developers console API activation","url":"https://console.developers.google.com/apis/api/compute.googleapis.com/overview?project=241257961361"}]}]}}
[debug] [2026-06-08T08:37:26.687Z] unable to look up default compute service account. Falling back to 241257961361-compute@developer.gserviceaccount.com. Error: {"name":"FirebaseError","children":[],"context":{"body":{"error":{"code":403,"message":"Compute Engine API has not been used in project 241257961361 before or it is disabled. Enable it by visiting https://console.developers.google.com/apis/api/compute.googleapis.com/overview?project=241257961361 then retry. If you enabled this API recently, wait a few minutes for the action to propagate to our systems and retry.","errors":[{"message":"Compute Engine API has not been used in project 241257961361 before or it is disabled. Enable it by visiting https://console.developers.google.com/apis/api/compute.googleapis.com/overview?project=241257961361 then retry. If you enabled this API recently, wait a few minutes for the action to propagate to our systems and retry.","domain":"usageLimits","reason":"accessNotConfigured","extendedHelp":"https://console.developers.google.com"}],"status":"PERMISSION_DENIED","details":[{"@type":"type.googleapis.com/google.rpc.ErrorInfo","reason":"SERVICE_DISABLED","domain":"googleapis.com","metadata":{"service":"compute.googleapis.com","consumer":"projects/241257961361","serviceTitle":"Compute Engine API","activationUrl":"https://console.developers.google.com/apis/api/compute.googleapis.com/overview?project=241257961361","containerInfo":"241257961361"}},{"@type":"type.googleapis.com/google.rpc.LocalizedMessage","locale":"en-US","message":"Compute Engine API has not been used in project 241257961361 before or it is disabled. Enable it by visiting https://console.developers.google.com/apis/api/compute.googleapis.com/overview?project=241257961361 then retry. If you enabled this API recently, wait a few minutes for the action to propagate to our systems and retry."},{"@type":"type.googleapis.com/google.rpc.Help","links":[{"description":"Google developers console API activation","url":"https://console.developers.google.com/apis/api/compute.googleapis.com/overview?project=241257961361"}]}]}},"response":{"statusCode":403}},"exit":1,"message":"Request to https://compute.googleapis.com/compute/v1/projects/241257961361 had HTTP Error: 403, Compute Engine API has not been used in project 241257961361 before or it is disabled. Enable it by visiting https://console.developers.google.com/apis/api/compute.googleapis.com/overview?project=241257961361 then retry. If you enabled this API recently, wait a few minutes for the action to propagate to our systems and retry.","status":403}
[debug] [2026-06-08T08:37:26.690Z] Checked if tokens are valid: true, expires at: 1780908874709
[debug] [2026-06-08T08:37:26.691Z] Checked if tokens are valid: true, expires at: 1780908874709
[debug] [2026-06-08T08:37:26.691Z] >>> [apiv2][query] GET https://cloudbilling.googleapis.com/v1/projects/writers-registration/billingInfo [none]
[debug] [2026-06-08T08:37:33.599Z] <<< [apiv2][status] GET https://cloudbilling.googleapis.com/v1/projects/writers-registration/billingInfo 200
[debug] [2026-06-08T08:37:33.599Z] <<< [apiv2][body] GET https://cloudbilling.googleapis.com/v1/projects/writers-registration/billingInfo {"name":"projects/writers-registration/billingInfo","projectId":"writers-registration","billingAccountName":"billingAccounts/01947C-2C3551-AC0373","billingEnabled":true}
[debug] [2026-06-08T08:37:33.605Z] Checked if tokens are valid: true, expires at: 1780908874709
[debug] [2026-06-08T08:37:33.606Z] Checked if tokens are valid: true, expires at: 1780908874709
[debug] [2026-06-08T08:37:33.606Z] >>> [apiv2][query] POST https://cloudfunctions.googleapis.com/v2/projects/writers-registration/locations/us-central1/functions:generateUploadUrl [none]
[debug] [2026-06-08T08:37:35.680Z] <<< [apiv2][status] POST https://cloudfunctions.googleapis.com/v2/projects/writers-registration/locations/us-central1/functions:generateUploadUrl 200
[debug] [2026-06-08T08:37:35.680Z] <<< [apiv2][body] POST https://cloudfunctions.googleapis.com/v2/projects/writers-registration/locations/us-central1/functions:generateUploadUrl {"uploadUrl":"https://storage.googleapis.com/gcf-v2-uploads-241257961361.us-central1.cloudfunctions.appspot.com/d425f3ab-5427-4d20-8088-6bc041b966ea.zip?GoogleAccessId=service-241257961361@gcf-admin-robot.iam.gserviceaccount.com&Expires=1780909655&Signature=Gi18qHgp2KVGGVaigKWIEiYui9lRo4vsrxFPTWASLFaAw%2FgcZhu5lUDuQLfjvwpHhN2nkr4NTXmkq00zdEIJd9lart9adpeh01PQAesHT5f5N0f7oqtKRYxsmgE5cBO74SDa151mu78vErpBm%2FKr6Up2JUufkUeYDtj7%2FicZCH5JEVQ4J0oamd7RtXOp9WlTPexvoiJWFdtqdnUEIfPIWVak1RBmOyvzlYBHxb34KGbrEohgw3wnxBOB9KoNu2b5wrqsnmJXtle0%2FjwwuydxHL%2FQKHr0HBAGbPmakIRR%2BWuqRWo7lLqNMiQsuRj0GuUNgqyIxNKs2xy0gC%2BPIqLhxA%3D%3D","storageSource":{"bucket":"gcf-v2-uploads-241257961361.us-central1.cloudfunctions.appspot.com","object":"d425f3ab-5427-4d20-8088-6bc041b966ea.zip"}}
[debug] [2026-06-08T08:37:35.684Z] >>> [apiv2][query] PUT https://storage.googleapis.com/gcf-v2-uploads-241257961361.us-central1.cloudfunctions.appspot.com/d425f3ab-5427-4d20-8088-6bc041b966ea.zip GoogleAccessId=service-241257961361%40gcf-admin-robot.iam.gserviceaccount.com&Expires=1780909655&Signature=Gi18qHgp2KVGGVaigKWIEiYui9lRo4vsrxFPTWASLFaAw%2FgcZhu5lUDuQLfjvwpHhN2nkr4NTXmkq00zdEIJd9lart9adpeh01PQAesHT5f5N0f7oqtKRYxsmgE5cBO74SDa151mu78vErpBm%2FKr6Up2JUufkUeYDtj7%2FicZCH5JEVQ4J0oamd7RtXOp9WlTPexvoiJWFdtqdnUEIfPIWVak1RBmOyvzlYBHxb34KGbrEohgw3wnxBOB9KoNu2b5wrqsnmJXtle0%2FjwwuydxHL%2FQKHr0HBAGbPmakIRR%2BWuqRWo7lLqNMiQsuRj0GuUNgqyIxNKs2xy0gC%2BPIqLhxA%3D%3D
[debug] [2026-06-08T08:37:35.684Z] >>> [apiv2][body] PUT https://storage.googleapis.com/gcf-v2-uploads-241257961361.us-central1.cloudfunctions.appspot.com/d425f3ab-5427-4d20-8088-6bc041b966ea.zip [stream]
[debug] [2026-06-08T08:37:43.692Z] <<< [apiv2][status] PUT https://storage.googleapis.com/gcf-v2-uploads-241257961361.us-central1.cloudfunctions.appspot.com/d425f3ab-5427-4d20-8088-6bc041b966ea.zip 200
[debug] [2026-06-08T08:37:43.693Z] <<< [apiv2][body] PUT https://storage.googleapis.com/gcf-v2-uploads-241257961361.us-central1.cloudfunctions.appspot.com/d425f3ab-5427-4d20-8088-6bc041b966ea.zip [omitted]
[info] ✔  functions: functions source uploaded successfully 
[info] i  functions: Skipping the deploy of unchanged functions. 
[info] ✔  functions[dailyRenewalCheck(us-central1)] Skipped (No changes detected) 
[info] i  functions: updating Node.js 20 (2nd Gen) function getCommunicationBalances(us-central1)... 
[info] i  functions: updating Node.js 20 (2nd Gen) function sendCustomMessage(us-central1)... 
[debug] [2026-06-08T08:37:43.716Z] Checked if tokens are valid: true, expires at: 1780908874709
[debug] [2026-06-08T08:37:43.717Z] Checked if tokens are valid: true, expires at: 1780908874709
[debug] [2026-06-08T08:37:43.718Z] >>> [apiv2][query] PATCH https://cloudfunctions.googleapis.com/v2/projects/writers-registration/locations/us-central1/functions/getCommunicationBalances updateMask=name%2CbuildConfig.runtime%2CbuildConfig.entryPoint%2CbuildConfig.source.storageSource.bucket%2CbuildConfig.source.storageSource.object%2CbuildConfig.environmentVariables%2CbuildConfig.sourceToken%2CserviceConfig.environmentVariables%2CserviceConfig.ingressSettings%2CserviceConfig.timeoutSeconds%2CserviceConfig.serviceAccountEmail%2CserviceConfig.availableMemory%2CserviceConfig.minInstanceCount%2CserviceConfig.maxInstanceCount%2CserviceConfig.maxInstanceRequestConcurrency%2CserviceConfig.availableCpu%2CserviceConfig.vpcConnector%2CserviceConfig.vpcConnectorEgressSettings%2CserviceConfig.directVpcNetworkInterface%2CserviceConfig.directVpcEgress%2Clabels
[debug] [2026-06-08T08:37:43.719Z] >>> [apiv2][body] PATCH https://cloudfunctions.googleapis.com/v2/projects/writers-registration/locations/us-central1/functions/getCommunicationBalances {"name":"projects/writers-registration/locations/us-central1/functions/getCommunicationBalances","buildConfig":{"runtime":"nodejs20","entryPoint":"getCommunicationBalances","source":{"storageSource":{"bucket":"gcf-v2-uploads-241257961361.us-central1.cloudfunctions.appspot.com","object":"d425f3ab-5427-4d20-8088-6bc041b966ea.zip"}},"environmentVariables":{"GOOGLE_NODE_RUN_SCRIPTS":""}},"serviceConfig":{"environmentVariables":{"FAST2SMS_API_KEY":"A4foQwlupr92I1Tvd8skHB6hOGK7JYPaVX5qxbSgjzLEFNZeUmKjRbxCmkSd6qLD3OAGUhgsEPiuINHf","RESEND_API_KEY":"re_WyEbGqBu_KgYY6ALtRp2HCkuAV2LbnTAi","GMAIL_APP_PASSWORD":"edhyaqbvgjxjubzb","FIREBASE_CONFIG":"{\"projectId\":\"writers-registration\",\"storageBucket\":\"writers-registration.firebasestorage.app\"}","GCLOUD_PROJECT":"writers-registration","EVENTARC_CLOUD_EVENT_SOURCE":"projects/writers-registration/locations/us-central1/services/getCommunicationBalances","FUNCTION_TARGET":"getCommunicationBalances","LOG_EXECUTION_ID":"true"},"ingressSettings":null,"timeoutSeconds":null,"serviceAccountEmail":null,"availableMemory":"256Mi","minInstanceCount":null,"maxInstanceCount":null,"maxInstanceRequestConcurrency":80,"availableCpu":"1","vpcConnector":null,"vpcConnectorEgressSettings":null,"directVpcNetworkInterface":null,"directVpcEgress":null},"labels":{"deployment-tool":"cli-firebase","deployment-callable":"true","firebase-functions-hash":"903160791e5387a41499f57620899e39bc26cd07"}}
[debug] [2026-06-08T08:37:46.303Z] <<< [apiv2][status] PATCH https://cloudfunctions.googleapis.com/v2/projects/writers-registration/locations/us-central1/functions/getCommunicationBalances 200
[debug] [2026-06-08T08:37:46.303Z] <<< [apiv2][body] PATCH https://cloudfunctions.googleapis.com/v2/projects/writers-registration/locations/us-central1/functions/getCommunicationBalances {"name":"projects/writers-registration/locations/us-central1/operations/operation-1780907865196-653b9ecaec746-1a55c161-f1cae009","metadata":{"@type":"type.googleapis.com/google.cloud.functions.v2.OperationMetadata","createTime":"2026-06-08T08:37:46.103151270Z","target":"projects/writers-registration/locations/us-central1/functions/getCommunicationBalances","verb":"update","cancelRequested":false,"apiVersion":"v2"},"done":false}
[debug] [2026-06-08T08:37:46.304Z] Checked if tokens are valid: true, expires at: 1780908874709
[debug] [2026-06-08T08:37:46.304Z] Checked if tokens are valid: true, expires at: 1780908874709
[debug] [2026-06-08T08:37:46.305Z] >>> [apiv2][query] GET https://cloudfunctions.googleapis.com/v2/projects/writers-registration/locations/us-central1/operations/operation-1780907865196-653b9ecaec746-1a55c161-f1cae009 [none]
[debug] [2026-06-08T08:37:47.791Z] <<< [apiv2][status] GET https://cloudfunctions.googleapis.com/v2/projects/writers-registration/locations/us-central1/operations/operation-1780907865196-653b9ecaec746-1a55c161-f1cae009 200
[debug] [2026-06-08T08:37:47.791Z] <<< [apiv2][body] GET https://cloudfunctions.googleapis.com/v2/projects/writers-registration/locations/us-central1/operations/operation-1780907865196-653b9ecaec746-1a55c161-f1cae009 {"name":"projects/writers-registration/locations/us-central1/operations/operation-1780907865196-653b9ecaec746-1a55c161-f1cae009","metadata":{"@type":"type.googleapis.com/google.cloud.functions.v2.OperationMetadata","createTime":"2026-06-08T08:37:46.103151270Z","target":"projects/writers-registration/locations/us-central1/functions/getCommunicationBalances","verb":"update","cancelRequested":false,"apiVersion":"v2","requestResource":{"@type":"type.googleapis.com/google.cloud.functions.v2.Function","name":"projects/writers-registration/locations/us-central1/functions/getCommunicationBalances","buildConfig":{"runtime":"nodejs20","entryPoint":"getCommunicationBalances","source":{"storageSource":{"bucket":"gcf-v2-sources-241257961361-us-central1","object":"getCommunicationBalances/function-source.zip","generation":"1780907866053005"}},"environmentVariables":{"GOOGLE_NODE_RUN_SCRIPTS":""},"dockerRepository":"projects/writers-registration/locations/us-central1/repositories/gcf-artifacts","sourceProvenance":{"resolvedStorageSource":{"bucket":"gcf-v2-sources-241257961361-us-central1","object":"getCommunicationBalances/function-source.zip","generation":"1780907815146114"}},"dockerRegistry":"ARTIFACT_REGISTRY","serviceAccount":"projects/writers-registration/serviceAccounts/241257961361-compute@developer.gserviceaccount.com","automaticUpdatePolicy":{}},"serviceConfig":{"service":"projects/writers-registration/locations/us-central1/services/getcommunicationbalances","timeoutSeconds":60,"environmentVariables":{"FAST2SMS_API_KEY":"A4foQwlupr92I1Tvd8skHB6hOGK7JYPaVX5qxbSgjzLEFNZeUmKjRbxCmkSd6qLD3OAGUhgsEPiuINHf","RESEND_API_KEY":"re_WyEbGqBu_KgYY6ALtRp2HCkuAV2LbnTAi","GMAIL_APP_PASSWORD":"edhyaqbvgjxjubzb","FIREBASE_CONFIG":"{\"projectId\":\"writers-registration\",\"storageBucket\":\"writers-registration.firebasestorage.app\"}","GCLOUD_PROJECT":"writers-registration","EVENTARC_CLOUD_EVENT_SOURCE":"projects/writers-registration/locations/us-central1/services/getCommunicationBalances","FUNCTION_TARGET":"getCommunicationBalances","LOG_EXECUTION_ID":"true"},"ingressSettings":"ALLOW_ALL","uri":"https://getcommunicationbalances-coe73cyjoa-uc.a.run.app","serviceAccountEmail":"241257961361-compute@developer.gserviceaccount.com","availableMemory":"256Mi","allTrafficOnLatestRevision":true,"revision":"getcommunicationbalances-00005-zug","maxInstanceRequestConcurrency":80,"availableCpu":"1"},"state":"ACTIVE","labels":{"deployment-tool":"cli-firebase","deployment-callable":"true","firebase-functions-hash":"903160791e5387a41499f57620899e39bc26cd07"},"environment":"GEN_2","url":"https://us-central1-writers-registration.cloudfunctions.net/getCommunicationBalances","satisfiesPzi":true},"stages":[{"name":"BUILD","message":"Build in progress","state":"IN_PROGRESS","resource":"projects/241257961361/locations/us-central1/builds/3f69104e-c04e-4bd8-a03d-01e32589ab08","resourceUri":"https://console.cloud.google.com/cloud-build/builds;region=us-central1/3f69104e-c04e-4bd8-a03d-01e32589ab08?project=241257961361"},{"name":"SERVICE","state":"NOT_STARTED"}],"operationType":"UPDATE_FUNCTION","buildName":"projects/241257961361/locations/us-central1/builds/3f69104e-c04e-4bd8-a03d-01e32589ab08"},"done":false}
[debug] [2026-06-08T08:37:48.294Z] [update-default-us-central1-getCommunicationBalances] Retrying task index 0
[debug] [2026-06-08T08:37:48.295Z] Checked if tokens are valid: true, expires at: 1780908874709
[debug] [2026-06-08T08:37:48.295Z] Checked if tokens are valid: true, expires at: 1780908874709
[debug] [2026-06-08T08:37:48.295Z] >>> [apiv2][query] GET https://cloudfunctions.googleapis.com/v2/projects/writers-registration/locations/us-central1/operations/operation-1780907865196-653b9ecaec746-1a55c161-f1cae009 [none]
[debug] [2026-06-08T08:37:49.639Z] <<< [apiv2][status] GET https://cloudfunctions.googleapis.com/v2/projects/writers-registration/locations/us-central1/operations/operation-1780907865196-653b9ecaec746-1a55c161-f1cae009 200
[debug] [2026-06-08T08:37:49.640Z] <<< [apiv2][body] GET https://cloudfunctions.googleapis.com/v2/projects/writers-registration/locations/us-central1/operations/operation-1780907865196-653b9ecaec746-1a55c161-f1cae009 {"name":"projects/writers-registration/locations/us-central1/operations/operation-1780907865196-653b9ecaec746-1a55c161-f1cae009","metadata":{"@type":"type.googleapis.com/google.cloud.functions.v2.OperationMetadata","createTime":"2026-06-08T08:37:46.103151270Z","target":"projects/writers-registration/locations/us-central1/functions/getCommunicationBalances","verb":"update","cancelRequested":false,"apiVersion":"v2","requestResource":{"@type":"type.googleapis.com/google.cloud.functions.v2.Function","name":"projects/writers-registration/locations/us-central1/functions/getCommunicationBalances","buildConfig":{"runtime":"nodejs20","entryPoint":"getCommunicationBalances","source":{"storageSource":{"bucket":"gcf-v2-sources-241257961361-us-central1","object":"getCommunicationBalances/function-source.zip","generation":"1780907866053005"}},"environmentVariables":{"GOOGLE_NODE_RUN_SCRIPTS":""},"dockerRepository":"projects/writers-registration/locations/us-central1/repositories/gcf-artifacts","sourceProvenance":{"resolvedStorageSource":{"bucket":"gcf-v2-sources-241257961361-us-central1","object":"getCommunicationBalances/function-source.zip","generation":"1780907815146114"}},"dockerRegistry":"ARTIFACT_REGISTRY","serviceAccount":"projects/writers-registration/serviceAccounts/241257961361-compute@developer.gserviceaccount.com","automaticUpdatePolicy":{}},"serviceConfig":{"service":"projects/writers-registration/locations/us-central1/services/getcommunicationbalances","timeoutSeconds":60,"environmentVariables":{"FAST2SMS_API_KEY":"A4foQwlupr92I1Tvd8skHB6hOGK7JYPaVX5qxbSgjzLEFNZeUmKjRbxCmkSd6qLD3OAGUhgsEPiuINHf","RESEND_API_KEY":"re_WyEbGqBu_KgYY6ALtRp2HCkuAV2LbnTAi","GMAIL_APP_PASSWORD":"edhyaqbvgjxjubzb","FIREBASE_CONFIG":"{\"projectId\":\"writers-registration\",\"storageBucket\":\"writers-registration.firebasestorage.app\"}","GCLOUD_PROJECT":"writers-registration","EVENTARC_CLOUD_EVENT_SOURCE":"projects/writers-registration/locations/us-central1/services/getCommunicationBalances","FUNCTION_TARGET":"getCommunicationBalances","LOG_EXECUTION_ID":"true"},"ingressSettings":"ALLOW_ALL","uri":"https://getcommunicationbalances-coe73cyjoa-uc.a.run.app","serviceAccountEmail":"241257961361-compute@developer.gserviceaccount.com","availableMemory":"256Mi","allTrafficOnLatestRevision":true,"revision":"getcommunicationbalances-00005-zug","maxInstanceRequestConcurrency":80,"availableCpu":"1"},"state":"ACTIVE","labels":{"deployment-tool":"cli-firebase","deployment-callable":"true","firebase-functions-hash":"903160791e5387a41499f57620899e39bc26cd07"},"environment":"GEN_2","url":"https://us-central1-writers-registration.cloudfunctions.net/getCommunicationBalances","satisfiesPzi":true},"stages":[{"name":"BUILD","message":"Build in progress","state":"IN_PROGRESS","resource":"projects/241257961361/locations/us-central1/builds/3f69104e-c04e-4bd8-a03d-01e32589ab08","resourceUri":"https://console.cloud.google.com/cloud-build/builds;region=us-central1/3f69104e-c04e-4bd8-a03d-01e32589ab08?project=241257961361"},{"name":"SERVICE","state":"NOT_STARTED"}],"operationType":"UPDATE_FUNCTION","buildName":"projects/241257961361/locations/us-central1/builds/3f69104e-c04e-4bd8-a03d-01e32589ab08"},"done":false}
[debug] [2026-06-08T08:37:50.641Z] [update-default-us-central1-getCommunicationBalances] Retrying task index 0
[debug] [2026-06-08T08:37:50.642Z] Checked if tokens are valid: true, expires at: 1780908874709
[debug] [2026-06-08T08:37:50.643Z] Checked if tokens are valid: true, expires at: 1780908874709
[debug] [2026-06-08T08:37:50.643Z] >>> [apiv2][query] GET https://cloudfunctions.googleapis.com/v2/projects/writers-registration/locations/us-central1/operations/operation-1780907865196-653b9ecaec746-1a55c161-f1cae009 [none]
[debug] [2026-06-08T08:37:52.249Z] <<< [apiv2][status] GET https://cloudfunctions.googleapis.com/v2/projects/writers-registration/locations/us-central1/operations/operation-1780907865196-653b9ecaec746-1a55c161-f1cae009 200
[debug] [2026-06-08T08:37:52.250Z] <<< [apiv2][body] GET https://cloudfunctions.googleapis.com/v2/projects/writers-registration/locations/us-central1/operations/operation-1780907865196-653b9ecaec746-1a55c161-f1cae009 {"name":"projects/writers-registration/locations/us-central1/operations/operation-1780907865196-653b9ecaec746-1a55c161-f1cae009","metadata":{"@type":"type.googleapis.com/google.cloud.functions.v2.OperationMetadata","createTime":"2026-06-08T08:37:46.103151270Z","target":"projects/writers-registration/locations/us-central1/functions/getCommunicationBalances","verb":"update","cancelRequested":false,"apiVersion":"v2","requestResource":{"@type":"type.googleapis.com/google.cloud.functions.v2.Function","name":"projects/writers-registration/locations/us-central1/functions/getCommunicationBalances","buildConfig":{"runtime":"nodejs20","entryPoint":"getCommunicationBalances","source":{"storageSource":{"bucket":"gcf-v2-sources-241257961361-us-central1","object":"getCommunicationBalances/function-source.zip","generation":"1780907866053005"}},"environmentVariables":{"GOOGLE_NODE_RUN_SCRIPTS":""},"dockerRepository":"projects/writers-registration/locations/us-central1/repositories/gcf-artifacts","sourceProvenance":{"resolvedStorageSource":{"bucket":"gcf-v2-sources-241257961361-us-central1","object":"getCommunicationBalances/function-source.zip","generation":"1780907815146114"}},"dockerRegistry":"ARTIFACT_REGISTRY","serviceAccount":"projects/writers-registration/serviceAccounts/241257961361-compute@developer.gserviceaccount.com","automaticUpdatePolicy":{}},"serviceConfig":{"service":"projects/writers-registration/locations/us-central1/services/getcommunicationbalances","timeoutSeconds":60,"environmentVariables":{"FAST2SMS_API_KEY":"A4foQwlupr92I1Tvd8skHB6hOGK7JYPaVX5qxbSgjzLEFNZeUmKjRbxCmkSd6qLD3OAGUhgsEPiuINHf","RESEND_API_KEY":"re_WyEbGqBu_KgYY6ALtRp2HCkuAV2LbnTAi","GMAIL_APP_PASSWORD":"edhyaqbvgjxjubzb","FIREBASE_CONFIG":"{\"projectId\":\"writers-registration\",\"storageBucket\":\"writers-registration.firebasestorage.app\"}","GCLOUD_PROJECT":"writers-registration","EVENTARC_CLOUD_EVENT_SOURCE":"projects/writers-registration/locations/us-central1/services/getCommunicationBalances","FUNCTION_TARGET":"getCommunicationBalances","LOG_EXECUTION_ID":"true"},"ingressSettings":"ALLOW_ALL","uri":"https://getcommunicationbalances-coe73cyjoa-uc.a.run.app","serviceAccountEmail":"241257961361-compute@developer.gserviceaccount.com","availableMemory":"256Mi","allTrafficOnLatestRevision":true,"revision":"getcommunicationbalances-00005-zug","maxInstanceRequestConcurrency":80,"availableCpu":"1"},"state":"ACTIVE","labels":{"deployment-tool":"cli-firebase","deployment-callable":"true","firebase-functions-hash":"903160791e5387a41499f57620899e39bc26cd07"},"environment":"GEN_2","url":"https://us-central1-writers-registration.cloudfunctions.net/getCommunicationBalances","satisfiesPzi":true},"stages":[{"name":"BUILD","message":"Build in progress","state":"IN_PROGRESS","resource":"projects/241257961361/locations/us-central1/builds/3f69104e-c04e-4bd8-a03d-01e32589ab08","resourceUri":"https://console.cloud.google.com/cloud-build/builds;region=us-central1/3f69104e-c04e-4bd8-a03d-01e32589ab08?project=241257961361"},{"name":"SERVICE","state":"NOT_STARTED"}],"operationType":"UPDATE_FUNCTION","buildName":"projects/241257961361/locations/us-central1/builds/3f69104e-c04e-4bd8-a03d-01e32589ab08"},"done":false}
[debug] [2026-06-08T08:37:54.251Z] [update-default-us-central1-getCommunicationBalances] Retrying task index 0
[debug] [2026-06-08T08:37:54.252Z] Checked if tokens are valid: true, expires at: 1780908874709
[debug] [2026-06-08T08:37:54.252Z] Checked if tokens are valid: true, expires at: 1780908874709
[debug] [2026-06-08T08:37:54.253Z] >>> [apiv2][query] GET https://cloudfunctions.googleapis.com/v2/projects/writers-registration/locations/us-central1/operations/operation-1780907865196-653b9ecaec746-1a55c161-f1cae009 [none]
[debug] [2026-06-08T08:37:56.207Z] <<< [apiv2][status] GET https://cloudfunctions.googleapis.com/v2/projects/writers-registration/locations/us-central1/operations/operation-1780907865196-653b9ecaec746-1a55c161-f1cae009 200
[debug] [2026-06-08T08:37:56.207Z] <<< [apiv2][body] GET https://cloudfunctions.googleapis.com/v2/projects/writers-registration/locations/us-central1/operations/operation-1780907865196-653b9ecaec746-1a55c161-f1cae009 {"name":"projects/writers-registration/locations/us-central1/operations/operation-1780907865196-653b9ecaec746-1a55c161-f1cae009","metadata":{"@type":"type.googleapis.com/google.cloud.functions.v2.OperationMetadata","createTime":"2026-06-08T08:37:46.103151270Z","target":"projects/writers-registration/locations/us-central1/functions/getCommunicationBalances","verb":"update","cancelRequested":false,"apiVersion":"v2","requestResource":{"@type":"type.googleapis.com/google.cloud.functions.v2.Function","name":"projects/writers-registration/locations/us-central1/functions/getCommunicationBalances","buildConfig":{"runtime":"nodejs20","entryPoint":"getCommunicationBalances","source":{"storageSource":{"bucket":"gcf-v2-sources-241257961361-us-central1","object":"getCommunicationBalances/function-source.zip","generation":"1780907866053005"}},"environmentVariables":{"GOOGLE_NODE_RUN_SCRIPTS":""},"dockerRepository":"projects/writers-registration/locations/us-central1/repositories/gcf-artifacts","sourceProvenance":{"resolvedStorageSource":{"bucket":"gcf-v2-sources-241257961361-us-central1","object":"getCommunicationBalances/function-source.zip","generation":"1780907815146114"}},"dockerRegistry":"ARTIFACT_REGISTRY","serviceAccount":"projects/writers-registration/serviceAccounts/241257961361-compute@developer.gserviceaccount.com","automaticUpdatePolicy":{}},"serviceConfig":{"service":"projects/writers-registration/locations/us-central1/services/getcommunicationbalances","timeoutSeconds":60,"environmentVariables":{"FAST2SMS_API_KEY":"A4foQwlupr92I1Tvd8skHB6hOGK7JYPaVX5qxbSgjzLEFNZeUmKjRbxCmkSd6qLD3OAGUhgsEPiuINHf","RESEND_API_KEY":"re_WyEbGqBu_KgYY6ALtRp2HCkuAV2LbnTAi","GMAIL_APP_PASSWORD":"edhyaqbvgjxjubzb","FIREBASE_CONFIG":"{\"projectId\":\"writers-registration\",\"storageBucket\":\"writers-registration.firebasestorage.app\"}","GCLOUD_PROJECT":"writers-registration","EVENTARC_CLOUD_EVENT_SOURCE":"projects/writers-registration/locations/us-central1/services/getCommunicationBalances","FUNCTION_TARGET":"getCommunicationBalances","LOG_EXECUTION_ID":"true"},"ingressSettings":"ALLOW_ALL","uri":"https://getcommunicationbalances-coe73cyjoa-uc.a.run.app","serviceAccountEmail":"241257961361-compute@developer.gserviceaccount.com","availableMemory":"256Mi","allTrafficOnLatestRevision":true,"revision":"getcommunicationbalances-00005-zug","maxInstanceRequestConcurrency":80,"availableCpu":"1"},"state":"ACTIVE","labels":{"deployment-tool":"cli-firebase","deployment-callable":"true","firebase-functions-hash":"903160791e5387a41499f57620899e39bc26cd07"},"environment":"GEN_2","url":"https://us-central1-writers-registration.cloudfunctions.net/getCommunicationBalances","satisfiesPzi":true},"stages":[{"name":"BUILD","message":"Build in progress","state":"IN_PROGRESS","resource":"projects/241257961361/locations/us-central1/builds/3f69104e-c04e-4bd8-a03d-01e32589ab08","resourceUri":"https://console.cloud.google.com/cloud-build/builds;region=us-central1/3f69104e-c04e-4bd8-a03d-01e32589ab08?project=241257961361"},{"name":"SERVICE","state":"NOT_STARTED"}],"operationType":"UPDATE_FUNCTION","buildName":"projects/241257961361/locations/us-central1/builds/3f69104e-c04e-4bd8-a03d-01e32589ab08"},"done":false}
[debug] [2026-06-08T08:38:00.210Z] [update-default-us-central1-getCommunicationBalances] Retrying task index 0
[debug] [2026-06-08T08:38:00.211Z] Checked if tokens are valid: true, expires at: 1780908874709
[debug] [2026-06-08T08:38:00.212Z] Checked if tokens are valid: true, expires at: 1780908874709
[debug] [2026-06-08T08:38:00.212Z] >>> [apiv2][query] GET https://cloudfunctions.googleapis.com/v2/projects/writers-registration/locations/us-central1/operations/operation-1780907865196-653b9ecaec746-1a55c161-f1cae009 [none]
[debug] [2026-06-08T08:38:01.619Z] <<< [apiv2][status] GET https://cloudfunctions.googleapis.com/v2/projects/writers-registration/locations/us-central1/operations/operation-1780907865196-653b9ecaec746-1a55c161-f1cae009 200
[debug] [2026-06-08T08:38:01.619Z] <<< [apiv2][body] GET https://cloudfunctions.googleapis.com/v2/projects/writers-registration/locations/us-central1/operations/operation-1780907865196-653b9ecaec746-1a55c161-f1cae009 {"name":"projects/writers-registration/locations/us-central1/operations/operation-1780907865196-653b9ecaec746-1a55c161-f1cae009","metadata":{"@type":"type.googleapis.com/google.cloud.functions.v2.OperationMetadata","createTime":"2026-06-08T08:37:46.103151270Z","target":"projects/writers-registration/locations/us-central1/functions/getCommunicationBalances","verb":"update","cancelRequested":false,"apiVersion":"v2","requestResource":{"@type":"type.googleapis.com/google.cloud.functions.v2.Function","name":"projects/writers-registration/locations/us-central1/functions/getCommunicationBalances","buildConfig":{"runtime":"nodejs20","entryPoint":"getCommunicationBalances","source":{"storageSource":{"bucket":"gcf-v2-sources-241257961361-us-central1","object":"getCommunicationBalances/function-source.zip","generation":"1780907866053005"}},"environmentVariables":{"GOOGLE_NODE_RUN_SCRIPTS":""},"dockerRepository":"projects/writers-registration/locations/us-central1/repositories/gcf-artifacts","sourceProvenance":{"resolvedStorageSource":{"bucket":"gcf-v2-sources-241257961361-us-central1","object":"getCommunicationBalances/function-source.zip","generation":"1780907815146114"}},"dockerRegistry":"ARTIFACT_REGISTRY","serviceAccount":"projects/writers-registration/serviceAccounts/241257961361-compute@developer.gserviceaccount.com","automaticUpdatePolicy":{}},"serviceConfig":{"service":"projects/writers-registration/locations/us-central1/services/getcommunicationbalances","timeoutSeconds":60,"environmentVariables":{"FAST2SMS_API_KEY":"A4foQwlupr92I1Tvd8skHB6hOGK7JYPaVX5qxbSgjzLEFNZeUmKjRbxCmkSd6qLD3OAGUhgsEPiuINHf","RESEND_API_KEY":"re_WyEbGqBu_KgYY6ALtRp2HCkuAV2LbnTAi","GMAIL_APP_PASSWORD":"edhyaqbvgjxjubzb","FIREBASE_CONFIG":"{\"projectId\":\"writers-registration\",\"storageBucket\":\"writers-registration.firebasestorage.app\"}","GCLOUD_PROJECT":"writers-registration","EVENTARC_CLOUD_EVENT_SOURCE":"projects/writers-registration/locations/us-central1/services/getCommunicationBalances","FUNCTION_TARGET":"getCommunicationBalances","LOG_EXECUTION_ID":"true"},"ingressSettings":"ALLOW_ALL","uri":"https://getcommunicationbalances-coe73cyjoa-uc.a.run.app","serviceAccountEmail":"241257961361-compute@developer.gserviceaccount.com","availableMemory":"256Mi","allTrafficOnLatestRevision":true,"revision":"getcommunicationbalances-00005-zug","maxInstanceRequestConcurrency":80,"availableCpu":"1"},"state":"ACTIVE","labels":{"deployment-tool":"cli-firebase","deployment-callable":"true","firebase-functions-hash":"903160791e5387a41499f57620899e39bc26cd07"},"environment":"GEN_2","url":"https://us-central1-writers-registration.cloudfunctions.net/getCommunicationBalances","satisfiesPzi":true},"stages":[{"name":"BUILD","message":"Build in progress","state":"IN_PROGRESS","resource":"projects/241257961361/locations/us-central1/builds/3f69104e-c04e-4bd8-a03d-01e32589ab08","resourceUri":"https://console.cloud.google.com/cloud-build/builds;region=us-central1/3f69104e-c04e-4bd8-a03d-01e32589ab08?project=241257961361"},{"name":"SERVICE","state":"NOT_STARTED"}],"operationType":"UPDATE_FUNCTION","buildName":"projects/241257961361/locations/us-central1/builds/3f69104e-c04e-4bd8-a03d-01e32589ab08"},"done":false}
[debug] [2026-06-08T08:38:09.622Z] [update-default-us-central1-getCommunicationBalances] Retrying task index 0
[debug] [2026-06-08T08:38:09.623Z] Checked if tokens are valid: true, expires at: 1780908874709
[debug] [2026-06-08T08:38:09.624Z] Checked if tokens are valid: true, expires at: 1780908874709
[debug] [2026-06-08T08:38:09.624Z] >>> [apiv2][query] GET https://cloudfunctions.googleapis.com/v2/projects/writers-registration/locations/us-central1/operations/operation-1780907865196-653b9ecaec746-1a55c161-f1cae009 [none]
[debug] [2026-06-08T08:38:11.443Z] <<< [apiv2][status] GET https://cloudfunctions.googleapis.com/v2/projects/writers-registration/locations/us-central1/operations/operation-1780907865196-653b9ecaec746-1a55c161-f1cae009 200
[debug] [2026-06-08T08:38:11.443Z] <<< [apiv2][body] GET https://cloudfunctions.googleapis.com/v2/projects/writers-registration/locations/us-central1/operations/operation-1780907865196-653b9ecaec746-1a55c161-f1cae009 {"name":"projects/writers-registration/locations/us-central1/operations/operation-1780907865196-653b9ecaec746-1a55c161-f1cae009","metadata":{"@type":"type.googleapis.com/google.cloud.functions.v2.OperationMetadata","createTime":"2026-06-08T08:37:46.103151270Z","target":"projects/writers-registration/locations/us-central1/functions/getCommunicationBalances","verb":"update","cancelRequested":false,"apiVersion":"v2","requestResource":{"@type":"type.googleapis.com/google.cloud.functions.v2.Function","name":"projects/writers-registration/locations/us-central1/functions/getCommunicationBalances","buildConfig":{"runtime":"nodejs20","entryPoint":"getCommunicationBalances","source":{"storageSource":{"bucket":"gcf-v2-sources-241257961361-us-central1","object":"getCommunicationBalances/function-source.zip","generation":"1780907866053005"}},"environmentVariables":{"GOOGLE_NODE_RUN_SCRIPTS":""},"dockerRepository":"projects/writers-registration/locations/us-central1/repositories/gcf-artifacts","sourceProvenance":{"resolvedStorageSource":{"bucket":"gcf-v2-sources-241257961361-us-central1","object":"getCommunicationBalances/function-source.zip","generation":"1780907815146114"}},"dockerRegistry":"ARTIFACT_REGISTRY","serviceAccount":"projects/writers-registration/serviceAccounts/241257961361-compute@developer.gserviceaccount.com","automaticUpdatePolicy":{}},"serviceConfig":{"service":"projects/writers-registration/locations/us-central1/services/getcommunicationbalances","timeoutSeconds":60,"environmentVariables":{"FAST2SMS_API_KEY":"A4foQwlupr92I1Tvd8skHB6hOGK7JYPaVX5qxbSgjzLEFNZeUmKjRbxCmkSd6qLD3OAGUhgsEPiuINHf","RESEND_API_KEY":"re_WyEbGqBu_KgYY6ALtRp2HCkuAV2LbnTAi","GMAIL_APP_PASSWORD":"edhyaqbvgjxjubzb","FIREBASE_CONFIG":"{\"projectId\":\"writers-registration\",\"storageBucket\":\"writers-registration.firebasestorage.app\"}","GCLOUD_PROJECT":"writers-registration","EVENTARC_CLOUD_EVENT_SOURCE":"projects/writers-registration/locations/us-central1/services/getCommunicationBalances","FUNCTION_TARGET":"getCommunicationBalances","LOG_EXECUTION_ID":"true"},"ingressSettings":"ALLOW_ALL","uri":"https://getcommunicationbalances-coe73cyjoa-uc.a.run.app","serviceAccountEmail":"241257961361-compute@developer.gserviceaccount.com","availableMemory":"256Mi","allTrafficOnLatestRevision":true,"revision":"getcommunicationbalances-00005-zug","maxInstanceRequestConcurrency":80,"availableCpu":"1"},"state":"ACTIVE","labels":{"deployment-tool":"cli-firebase","deployment-callable":"true","firebase-functions-hash":"903160791e5387a41499f57620899e39bc26cd07"},"environment":"GEN_2","url":"https://us-central1-writers-registration.cloudfunctions.net/getCommunicationBalances","satisfiesPzi":true},"stages":[{"name":"BUILD","message":"Build in progress","state":"IN_PROGRESS","resource":"projects/241257961361/locations/us-central1/builds/3f69104e-c04e-4bd8-a03d-01e32589ab08","resourceUri":"https://console.cloud.google.com/cloud-build/builds;region=us-central1/3f69104e-c04e-4bd8-a03d-01e32589ab08?project=241257961361"},{"name":"SERVICE","state":"NOT_STARTED"}],"operationType":"UPDATE_FUNCTION","buildName":"projects/241257961361/locations/us-central1/builds/3f69104e-c04e-4bd8-a03d-01e32589ab08"},"done":false}
[debug] [2026-06-08T08:38:21.448Z] [update-default-us-central1-getCommunicationBalances] Retrying task index 0
[debug] [2026-06-08T08:38:21.449Z] Checked if tokens are valid: true, expires at: 1780908874709
[debug] [2026-06-08T08:38:21.449Z] Checked if tokens are valid: true, expires at: 1780908874709
[debug] [2026-06-08T08:38:21.449Z] >>> [apiv2][query] GET https://cloudfunctions.googleapis.com/v2/projects/writers-registration/locations/us-central1/operations/operation-1780907865196-653b9ecaec746-1a55c161-f1cae009 [none]
[debug] [2026-06-08T08:38:23.733Z] <<< [apiv2][status] GET https://cloudfunctions.googleapis.com/v2/projects/writers-registration/locations/us-central1/operations/operation-1780907865196-653b9ecaec746-1a55c161-f1cae009 200
[debug] [2026-06-08T08:38:23.733Z] <<< [apiv2][body] GET https://cloudfunctions.googleapis.com/v2/projects/writers-registration/locations/us-central1/operations/operation-1780907865196-653b9ecaec746-1a55c161-f1cae009 {"name":"projects/writers-registration/locations/us-central1/operations/operation-1780907865196-653b9ecaec746-1a55c161-f1cae009","metadata":{"@type":"type.googleapis.com/google.cloud.functions.v2.OperationMetadata","createTime":"2026-06-08T08:37:46.103151270Z","target":"projects/writers-registration/locations/us-central1/functions/getCommunicationBalances","verb":"update","cancelRequested":false,"apiVersion":"v2","requestResource":{"@type":"type.googleapis.com/google.cloud.functions.v2.Function","name":"projects/writers-registration/locations/us-central1/functions/getCommunicationBalances","buildConfig":{"runtime":"nodejs20","entryPoint":"getCommunicationBalances","source":{"storageSource":{"bucket":"gcf-v2-sources-241257961361-us-central1","object":"getCommunicationBalances/function-source.zip","generation":"1780907866053005"}},"environmentVariables":{"GOOGLE_NODE_RUN_SCRIPTS":""},"dockerRepository":"projects/writers-registration/locations/us-central1/repositories/gcf-artifacts","sourceProvenance":{"resolvedStorageSource":{"bucket":"gcf-v2-sources-241257961361-us-central1","object":"getCommunicationBalances/function-source.zip","generation":"1780907815146114"}},"dockerRegistry":"ARTIFACT_REGISTRY","serviceAccount":"projects/writers-registration/serviceAccounts/241257961361-compute@developer.gserviceaccount.com","automaticUpdatePolicy":{}},"serviceConfig":{"service":"projects/writers-registration/locations/us-central1/services/getcommunicationbalances","timeoutSeconds":60,"environmentVariables":{"FAST2SMS_API_KEY":"A4foQwlupr92I1Tvd8skHB6hOGK7JYPaVX5qxbSgjzLEFNZeUmKjRbxCmkSd6qLD3OAGUhgsEPiuINHf","RESEND_API_KEY":"re_WyEbGqBu_KgYY6ALtRp2HCkuAV2LbnTAi","GMAIL_APP_PASSWORD":"edhyaqbvgjxjubzb","FIREBASE_CONFIG":"{\"projectId\":\"writers-registration\",\"storageBucket\":\"writers-registration.firebasestorage.app\"}","GCLOUD_PROJECT":"writers-registration","EVENTARC_CLOUD_EVENT_SOURCE":"projects/writers-registration/locations/us-central1/services/getCommunicationBalances","FUNCTION_TARGET":"getCommunicationBalances","LOG_EXECUTION_ID":"true"},"ingressSettings":"ALLOW_ALL","uri":"https://getcommunicationbalances-coe73cyjoa-uc.a.run.app","serviceAccountEmail":"241257961361-compute@developer.gserviceaccount.com","availableMemory":"256Mi","allTrafficOnLatestRevision":true,"revision":"getcommunicationbalances-00005-zug","maxInstanceRequestConcurrency":80,"availableCpu":"1"},"state":"ACTIVE","labels":{"deployment-tool":"cli-firebase","deployment-callable":"true","firebase-functions-hash":"903160791e5387a41499f57620899e39bc26cd07"},"environment":"GEN_2","url":"https://us-central1-writers-registration.cloudfunctions.net/getCommunicationBalances","satisfiesPzi":true},"stages":[{"name":"BUILD","message":"Build in progress","state":"IN_PROGRESS","resource":"projects/241257961361/locations/us-central1/builds/3f69104e-c04e-4bd8-a03d-01e32589ab08","resourceUri":"https://console.cloud.google.com/cloud-build/builds;region=us-central1/3f69104e-c04e-4bd8-a03d-01e32589ab08?project=241257961361"},{"name":"SERVICE","state":"NOT_STARTED"}],"operationType":"UPDATE_FUNCTION","buildName":"projects/241257961361/locations/us-central1/builds/3f69104e-c04e-4bd8-a03d-01e32589ab08"},"done":false}
